[    0.000000] Initializing cgroup subsys cpuset
[    0.000000] Initializing cgroup subsys cpu
[    0.000000] Initializing cgroup subsys cpuacct
[    0.000000] Linux version 4.4.0-101-generic (buildd@lcy01-amd64-006) (gcc version 5.4.0 20160609 (Ubuntu 5.4.0-6ubuntu1~16.04.5) ) #124-Ubuntu SMP Fri Nov 10 18:29:59 UTC 2017 (Ubuntu 4.4.0-101.124-generic 4.4.95)
[    0.000000] Command line: BOOT_IMAGE=/boot/vmlinuz-4.4.0-101-generic root=UUID=0a39d82d-3b5b-4d6e-820a-c9d43ab677e6 ro console=tty1 console=ttyS0
[    0.000000] KERNEL supported cpus:
[    0.000000]   Intel GenuineIntel
[    0.000000]   AMD AuthenticAMD
[    0.000000]   Centaur CentaurHauls
[    0.000000] x86/fpu: xstate_offset[2]:  576, xstate_sizes[2]:  256
[    0.000000] x86/fpu: Supporting XSAVE feature 0x01: 'x87 floating point registers'
[    0.000000] x86/fpu: Supporting XSAVE feature 0x02: 'SSE registers'
[    0.000000] x86/fpu: Supporting XSAVE feature 0x04: 'AVX registers'
[    0.000000] x86/fpu: Enabled xstate features 0x7, context size is 832 bytes, using 'standard' format.
[    0.000000] x86/fpu: Using 'lazy' FPU context switches.
[    0.000000] e820: BIOS-provided physical RAM map:
[    0.000000] BIOS-e820: [mem 0x0000000000000000-0x000000000009fbff] usable
[    0.000000] BIOS-e820: [mem 0x000000000009fc00-0x000000000009ffff] reserved
[    0.000000] BIOS-e820: [mem 0x00000000000f0000-0x00000000000fffff] reserved
[    0.000000] BIOS-e820: [mem 0x0000000000100000-0x000000003ffeffff] usable
[    0.000000] BIOS-e820: [mem 0x000000003fff0000-0x000000003fffffff] ACPI data
[    0.000000] BIOS-e820: [mem 0x00000000fec00000-0x00000000fec00fff] reserved
[    0.000000] BIOS-e820: [mem 0x00000000fee00000-0x00000000fee00fff] reserved
[    0.000000] BIOS-e820: [mem 0x00000000fffc0000-0x00000000ffffffff] reserved
[    0.000000] NX (Execute Disable) protection: active
[    0.000000] SMBIOS 2.5 present.
[    0.000000] Hypervisor detected: KVM
[    0.000000] e820: last_pfn = 0x3fff0 max_arch_pfn = 0x400000000
[    0.000000] MTRR: Disabled
[    0.000000] x86/PAT: MTRRs disabled, skipping PAT initialization too.
[    0.000000] CPU MTRRs all blank - virtualized system.
[    0.000000] x86/PAT: Configuration [0-7]: WB  WT  UC- UC  WB  WT  UC- UC  
[    0.000000] found SMP MP-table at [mem 0x0009fff0-0x0009ffff] mapped at [ffff88000009fff0]
[    0.000000] Scanning 1 areas for low memory corruption
[    0.000000] RAMDISK: [mem 0x3622c000-0x3710dfff]
[    0.000000] ACPI: Early table checksum verification disabled
[    0.000000] ACPI: RSDP 0x00000000000E0000 000024 (v02 VBOX  )
[    0.000000] ACPI: XSDT 0x000000003FFF0030 00003C (v01 VBOX   VBOXXSDT 00000001 ASL  00000061)
[    0.000000] ACPI: FACP 0x000000003FFF00F0 0000F4 (v04 VBOX   VBOXFACP 00000001 ASL  00000061)
[    0.000000] ACPI: DSDT 0x000000003FFF0470 0021FF (v02 VBOX   VBOXBIOS 00000002 INTL 20100528)
[    0.000000] ACPI: FACS 0x000000003FFF0200 000040
[    0.000000] ACPI: FACS 0x000000003FFF0200 000040
[    0.000000] ACPI: APIC 0x000000003FFF0240 00005C (v02 VBOX   VBOXAPIC 00000001 ASL  00000061)
[    0.000000] ACPI: SSDT 0x000000003FFF02A0 0001CC (v01 VBOX   VBOXCPUT 00000002 INTL 20100528)
[    0.000000] No NUMA configuration found
[    0.000000] Faking a node at [mem 0x0000000000000000-0x000000003ffeffff]
[    0.000000] NODE_DATA(0) allocated [mem 0x3ffeb000-0x3ffeffff]
[    0.000000] kvm-clock: Using msrs 4b564d01 and 4b564d00
[    0.000000] kvm-clock: cpu 0, msr 0:3ffe3001, primary cpu clock
[    0.000000] kvm-clock: using sched offset of 3949367604 cycles
[    0.000000] clocksource: kvm-clock: mask: 0xffffffffffffffff max_cycles: 0x1cd42e4dffb, max_idle_ns: 881590591483 ns
[    0.000000] Zone ranges:
[    0.000000]   DMA      [mem 0x0000000000001000-0x0000000000ffffff]
[    0.000000]   DMA32    [mem 0x0000000001000000-0x000000003ffeffff]
[    0.000000]   Normal   empty
[    0.000000]   Device   empty
[    0.000000] Movable zone start for each node
[    0.000000] Early memory node ranges
[    0.000000]   node   0: [mem 0x0000000000001000-0x000000000009efff]
[    0.000000]   node   0: [mem 0x0000000000100000-0x000000003ffeffff]
[    0.000000] Initmem setup node 0 [mem 0x0000000000001000-0x000000003ffeffff]
[    0.000000] ACPI: PM-Timer IO Port: 0x4008
[    0.000000] IOAPIC[0]: apic_id 2, version 32, address 0xfec00000, GSI 0-23
[    0.000000] ACPI: INT_SRC_OVR (bus 0 bus_irq 0 global_irq 2 dfl dfl)
[    0.000000] ACPI: INT_SRC_OVR (bus 0 bus_irq 9 global_irq 9 high level)
[    0.000000] Using ACPI (MADT) for SMP configuration information
[    0.000000] smpboot: Allowing 2 CPUs, 0 hotplug CPUs
[    0.000000] PM: Registered nosave memory: [mem 0x00000000-0x00000fff]
[    0.000000] PM: Registered nosave memory: [mem 0x0009f000-0x0009ffff]
[    0.000000] PM: Registered nosave memory: [mem 0x000a0000-0x000effff]
[    0.000000] PM: Registered nosave memory: [mem 0x000f0000-0x000fffff]
[    0.000000] e820: [mem 0x40000000-0xfebfffff] available for PCI devices
[    0.000000] Booting paravirtualized kernel on KVM
[    0.000000] clocksource: refined-jiffies: mask: 0xffffffff max_cycles: 0xffffffff, max_idle_ns: 7645519600211568 ns
[    0.000000] setup_percpu: NR_CPUS:512 nr_cpumask_bits:512 nr_cpu_ids:2 nr_node_ids:1
[    0.000000] PERCPU: Embedded 34 pages/cpu @ffff88003fc00000 s98328 r8192 d32744 u1048576
[    0.000000] PV qspinlock hash table entries: 256 (order: 0, 4096 bytes)
[    0.000000] Built 1 zonelists in Node order, mobility grouping on.  Total pages: 257913
[    0.000000] Policy zone: DMA32
[    0.000000] Kernel command line: BOOT_IMAGE=/boot/vmlinuz-4.4.0-101-generic root=UUID=0a39d82d-3b5b-4d6e-820a-c9d43ab677e6 ro console=tty1 console=ttyS0
[    0.000000] PID hash table entries: 4096 (order: 3, 32768 bytes)
[    0.000000] Memory: 997324K/1048120K available (8484K kernel code, 1294K rwdata, 3988K rodata, 1492K init, 1316K bss, 50796K reserved, 0K cma-reserved)
[    0.000000] SLUB: HWalign=64, Order=0-3, MinObjects=0, CPUs=2, Nodes=1
[    0.000000] Hierarchical RCU implementation.
[    0.000000] 	Build-time adjustment of leaf fanout to 64.
[    0.000000] 	RCU restricting CPUs from NR_CPUS=512 to nr_cpu_ids=2.
[    0.000000] RCU: Adjusting geometry for rcu_fanout_leaf=64, nr_cpu_ids=2
[    0.000000] NR_IRQS:33024 nr_irqs:440 16
[    0.000000] Console: colour VGA+ 80x25
[    0.000000] console [tty1] enabled
[    0.000000] console [ttyS0] enabled
[    0.000000] tsc: Detected 2304.000 MHz processor
[    8.056042] Calibrating delay loop (skipped) preset value.. 4608.00 BogoMIPS (lpj=9216000)
[    8.122266] pid_max: default: 32768 minimum: 301
[    8.195331] ACPI: Core revision 20150930
[    8.262717] ACPI: 2 ACPI AML tables successfully acquired and loaded
[    8.331007] Security Framework initialized
[    8.373664] Yama: becoming mindful.
[    8.374363] AppArmor: AppArmor initialized
[    8.375185] Dentry cache hash table entries: 131072 (order: 8, 1048576 bytes)
[    8.376478] Inode-cache hash table entries: 65536 (order: 7, 524288 bytes)
[    8.409794] Mount-cache hash table entries: 2048 (order: 2, 16384 bytes)
[    8.422350] Mountpoint-cache hash table entries: 2048 (order: 2, 16384 bytes)
[    8.423648] Initializing cgroup subsys io
[    8.458620] Initializing cgroup subsys memory
[    8.518439] Initializing cgroup subsys devices
[    8.579508] Initializing cgroup subsys freezer
[    8.614768] Initializing cgroup subsys net_cls
[    8.671732] Initializing cgroup subsys perf_event
[    8.739297] Initializing cgroup subsys net_prio
[    8.751816] Initializing cgroup subsys hugetlb
[    8.752663] Initializing cgroup subsys pids
[    8.805976] CPU: Physical Processor ID: 0
[    8.850970] CPU: Processor Core ID: 0
[    8.902181] mce: CPU supports 0 MCE banks
[    8.969792] Last level iTLB entries: 4KB 64, 2MB 8, 4MB 8
[    9.048783] Last level dTLB entries: 4KB 64, 2MB 0, 4MB 0, 1GB 4
[    9.110995] Freeing SMP alternatives memory: 32K
[    9.161708] ftrace: allocating 32156 entries in 126 pages
[    9.261904] smpboot: APIC(0) Converting physical 0 to logical package 0
[    9.293645] smpboot: Max logical packages: 1
[    9.346558] x2apic enabled
[    9.379116] Switched APIC routing to physical x2apic.
[    9.454875] ..TIMER: vector=0x30 apic1=0 pin1=2 apic2=-1 pin2=-1
[    9.645392] smpboot: CPU0: Intel(R) Core(TM) i5-7360U CPU @ 2.30GHz (family: 0x6, model: 0x8e, stepping: 0x9)
[    9.786389] Performance Events: unsupported p6 CPU model 142 no PMU driver, software events only.
[    9.819141] KVM setup paravirtual spinlock
[    9.882651] x86: Booting SMP configuration:
[    9.948985] .... node  #0, CPUs:      #1
[   10.003533] kvm-clock: cpu 1, msr 0:3ffe3041, secondary cpu clock
[   10.005922] mce: CPU supports 0 MCE banks
[   10.008433] x86: Booted up 1 node, 2 CPUs
[   10.034656] smpboot: Total of 2 processors activated (9216.00 BogoMIPS)
[   10.099170] devtmpfs: initialized
[   10.131765] evm: security.selinux
[   10.163600] evm: security.SMACK64
[   10.185806] evm: security.SMACK64EXEC
[   10.187708] evm: security.SMACK64TRANSMUTE
[   10.206693] evm: security.SMACK64MMAP
[   10.230452] evm: security.ima
[   10.268178] evm: security.capability
[   10.316737] clocksource: jiffies: mask: 0xffffffff max_cycles: 0xffffffff, max_idle_ns: 7645041785100000 ns
[   10.368900] futex hash table entries: 512 (order: 3, 32768 bytes)
[   10.437528] pinctrl core: initialized pinctrl subsystem
[   10.501775] RTC time: 14:33:00, date: 11/22/17
[   10.555005] NET: Registered protocol family 16
[   10.593911] cpuidle: using governor ladder
[   10.658337] cpuidle: using governor menu
[   10.701780] PCCT header not found.
[   10.729101] ACPI: bus type PCI registered
[   10.765096] acpiphp: ACPI Hot Plug PCI Controller Driver version: 0.5
[   10.822875] PCI: Using configuration type 1 for base access
[   10.875057] ACPI: Added _OSI(Module Device)
[   10.911230] ACPI: Added _OSI(Processor Device)
[   10.961717] ACPI: Added _OSI(3.0 _SCP Extensions)
[   11.016551] ACPI: Added _OSI(Processor Aggregator Device)
[   11.066283] ACPI: Executed 1 blocks of module-level executable AML code
[   11.143490] ACPI: Interpreter enabled
[   11.180397] ACPI: (supports S0 S5)
[   11.213922] ACPI: Using IOAPIC for interrupt routing
[   11.269123] PCI: Using host bridge windows from ACPI; if necessary, use "pci=nocrs" and report a bug
[   11.282768] ACPI: PCI Root Bridge [PCI0] (domain 0000 [bus 00-ff])
[   11.327290] acpi PNP0A03:00: _OSC: OS supports [ASPM ClockPM Segments MSI]
[   11.374272] acpi PNP0A03:00: _OSC: not requesting OS control; OS requires [ExtendedConfig ASPM ClockPM MSI]
[   11.375953] acpi PNP0A03:00: fail to add MMCONFIG information, can't access extended PCI configuration space under this bridge.
[   11.410481] PCI host bridge to bus 0000:00
[   11.450078] pci_bus 0000:00: root bus resource [io  0x0000-0x0cf7 window]
[   11.523978] pci_bus 0000:00: root bus resource [io  0x0d00-0xffff window]
[   11.594099] pci_bus 0000:00: root bus resource [mem 0x000a0000-0x000bffff window]
[   11.637457] pci_bus 0000:00: root bus resource [mem 0x40000000-0xffdfffff window]
[   11.718090] pci_bus 0000:00: root bus resource [bus 00-ff]
[   11.748323] pci 0000:00:01.1: legacy IDE quirk: reg 0x10: [io  0x01f0-0x01f7]
[   11.834490] pci 0000:00:01.1: legacy IDE quirk: reg 0x14: [io  0x03f6]
[   11.894956] pci 0000:00:01.1: legacy IDE quirk: reg 0x18: [io  0x0170-0x0177]
[   11.968769] pci 0000:00:01.1: legacy IDE quirk: reg 0x1c: [io  0x0376]
[   12.032373] pci 0000:00:07.0: quirk: [io  0x4000-0x403f] claimed by PIIX4 ACPI
[   12.111561] pci 0000:00:07.0: quirk: [io  0x4100-0x410f] claimed by PIIX4 SMB
[   12.171079] ACPI: PCI Interrupt Link [LNKA] (IRQs 5 9 10 *11)
[   12.249404] ACPI: PCI Interrupt Link [LNKB] (IRQs 5 9 10 *11)
[   12.306098] ACPI: PCI Interrupt Link [LNKC] (IRQs 5 9 *10 11)
[   12.359848] ACPI: PCI Interrupt Link [LNKD] (IRQs 5 *9 10 11)
[   12.412075] ACPI: Enabled 2 GPEs in block 00 to 07
[   12.454983] vgaarb: setting as boot device: PCI:0000:00:02.0
[   12.513889] vgaarb: device added: PCI:0000:00:02.0,decodes=io+mem,owns=io+mem,locks=none
[   12.615090] vgaarb: loaded
[   12.633057] vgaarb: bridge control possible 0000:00:02.0
[   12.683770] SCSI subsystem initialized
[   12.734201] ACPI: bus type USB registered
[   12.778201] usbcore: registered new interface driver usbfs
[   12.831211] usbcore: registered new interface driver hub
[   12.832166] usbcore: registered new device driver usb
[   12.833299] PCI: Using ACPI for IRQ routing
[   12.879727] NetLabel: Initializing
[   12.918131] NetLabel:  domain hash size = 128
[   12.966558] NetLabel:  protocols = UNLABELED CIPSOv4
[   13.011845] NetLabel:  unlabeled traffic allowed by default
[   13.012992] amd_nb: Cannot enumerate AMD northbridges
[   13.074766] clocksource: Switched to clocksource kvm-clock
[   13.104667] AppArmor: AppArmor Filesystem Enabled
[   13.218707] pnp: PnP ACPI init
[   13.284507] pnp: PnP ACPI: found 3 devices
[   13.347498] clocksource: acpi_pm: mask: 0xffffff max_cycles: 0xffffff, max_idle_ns: 2085701024 ns
[   13.530302] NET: Registered protocol family 2
[   13.556485] TCP established hash table entries: 8192 (order: 4, 65536 bytes)
[   13.723845] TCP bind hash table entries: 8192 (order: 5, 131072 bytes)
[   13.832199] TCP: Hash tables configured (established 8192 bind 8192)
[   13.945319] UDP hash table entries: 512 (order: 2, 16384 bytes)
[   14.065801] UDP-Lite hash table entries: 512 (order: 2, 16384 bytes)
[   14.202277] NET: Registered protocol family 1
[   14.300033] pci 0000:00:00.0: Limiting direct PCI/PCI transfers
[   14.442988] pci 0000:00:01.0: Activating ISA DMA hang workarounds
[   14.576708] Unpacking initramfs...
[   14.816094] Freeing initrd memory: 15240K
[   14.872682] platform rtc_cmos: registered platform RTC device (no PNP device found)
[   15.041594] Scanning for low memory corruption every 60 seconds
[   15.141711] audit: initializing netlink subsys (disabled)
[   15.226652] audit: type=2000 audit(1511361177.954:1): initialized
[   15.227943] Initialise system trusted keyring
[   15.228926] HugeTLB registered 2 MB page size, pre-allocated 0 pages
[   15.407569] zbud: loaded
[   15.490703] VFS: Disk quotas dquot_6.6.0
[   15.588088] VFS: Dquot-cache hash table entries: 512 (order 0, 4096 bytes)
[   15.618953] squashfs: version 4.0 (2009/01/31) Phillip Lougher
[   15.651834] fuse init (API version 7.23)
[   15.663896] Key type big_key registered
[   15.672631] Allocating IMA MOK and blacklist keyrings.
[   15.691007] Key type asymmetric registered
[   15.694993] Asymmetric key parser 'x509' registered
[   15.824282] Block layer SCSI generic (bsg) driver version 0.4 loaded (major 249)
[   15.891246] tsc: Refined TSC clocksource calibration: 2305.860 MHz
[   15.949670] clocksource: tsc: mask: 0xffffffffffffffff max_cycles: 0x213cd4e3bcd, max_idle_ns: 440795256092 ns
[   15.951612] io scheduler noop registered
[   15.951615] io scheduler deadline registered (default)
[   15.951652] io scheduler cfq registered
[   15.951732] pci_hotplug: PCI Hot Plug PCI Core version: 0.5
[   15.951735] pciehp: PCI Express Hot Plug Controller Driver version: 0.4
[   15.951915] ACPI: AC Adapter [AC] (on-line)
[   15.951956] input: Power Button as /devices/LNXSYSTM:00/LNXPWRBN:00/input/input0
[   15.951959] ACPI: Power Button [PWRF]
[   15.952010] input: Sleep Button as /devices/LNXSYSTM:00/LNXSLPBN:00/input/input1
[   15.952011] ACPI: Sleep Button [SLPF]
[   15.952118] GHES: HEST is not enabled!
[   16.063162] Serial: 8250/16550 driver, 32 ports, IRQ sharing enabled
[   16.110386] 00:02: ttyS0 at I/O 0x3f8 (irq = 4, base_baud = 115200) is a 16550A
[   16.191851] Linux agpgart interface v0.103
[   16.196286] loop: module loaded
[   16.196668] scsi host0: ata_piix
[   16.196706] scsi host1: ata_piix
[   16.196728] ata1: PATA max UDMA/33 cmd 0x1f0 ctl 0x3f6 bmdma 0xd000 irq 14
[   16.196729] ata2: PATA max UDMA/33 cmd 0x170 ctl 0x376 bmdma 0xd008 irq 15
[   16.196782] libphy: Fixed MDIO Bus: probed
[   16.196784] tun: Universal TUN/TAP device driver, 1.6
[   16.196785] tun: (C) 1999-2004 Max Krasnyansky <maxk@qualcomm.com>
[   16.197040] PPP generic driver version 2.4.2
[   16.197082] ehci_hcd: USB 2.0 'Enhanced' Host Controller (EHCI) Driver
[   16.197085] ehci-pci: EHCI PCI platform driver
[   16.197095] ehci-platform: EHCI generic platform driver
[   16.197101] ohci_hcd: USB 1.1 'Open' Host Controller (OHCI) Driver
[   16.197104] ohci-pci: OHCI PCI platform driver
[   16.197110] ohci-platform: OHCI generic platform driver
[   16.197116] uhci_hcd: USB Universal Host Controller Interface driver
[   16.197155] i8042: PNP: PS/2 Controller [PNP0303:PS2K,PNP0f03:PS2M] at 0x60,0x64 irq 1,12
[   16.197542] serio: i8042 KBD port at 0x60,0x64 irq 1
[   16.197544] serio: i8042 AUX port at 0x60,0x64 irq 12
[   16.197611] mousedev: PS/2 mouse device common for all mice
[   16.197814] input: AT Translated Set 2 keyboard as /devices/platform/i8042/serio0/input/input2
[   16.198094] rtc_cmos rtc_cmos: rtc core: registered rtc_cmos as rtc0
[   16.198136] rtc_cmos rtc_cmos: alarms up to one day, 114 bytes nvram
[   16.198140] i2c /dev entries driver
[   16.198178] device-mapper: uevent: version 1.0.3
[   16.198216] device-mapper: ioctl: 4.34.0-ioctl (2015-10-28) initialised: dm-devel@redhat.com
[   16.198227] ledtrig-cpu: registered to indicate activity on CPUs
[   16.198623] NET: Registered protocol family 10
[   16.198731] NET: Registered protocol family 17
[   16.198738] Key type dns_resolver registered
[   16.198829] microcode: CPU0 sig=0x806e9, pf=0x8, revision=0x0
[   16.198972] microcode: CPU1 sig=0x806e9, pf=0x8, revision=0x0
[   16.198993] microcode: Microcode Update Driver: v2.01 <tigran@aivazian.fsnet.co.uk>, Peter Oruba
[   16.199077] registered taskstats version 1
[   16.199090] Loading compiled-in X.509 certificates
[   16.199550] Loaded X.509 cert 'Build time autogenerated kernel key: f91c6829a34a801956ec6287af569c0a1f1f8d39'
[   16.199561] zswap: loaded using pool lzo/zbud
[   16.200552] Key type trusted registered
[   16.202195] Key type encrypted registered
[   16.202198] AppArmor: AppArmor sha1 policy hashing enabled
[   16.202200] ima: No TPM chip found, activating TPM-bypass!
[   16.202215] evm: HMAC attrs: 0x1
[   16.202467]   Magic number: 9:199:587
[   16.215696] rtc_cmos rtc_cmos: setting system clock to 2017-11-22 14:33:06 UTC (1511361186)
[   16.215792] BIOS EDD facility v0.16 2004-Jun-25, 0 devices found
[   16.215792] EDD information not available.
[   17.602270] Freeing unused kernel memory: 1492K
[   17.659714] Write protecting the kernel read-only data: 14336k
[   17.729282] Freeing unused kernel memory: 1744K
[   17.804889] Freeing unused kernel memory: 108K
Loading, please [   17.858207] random: systemd-udevd: uninitialized urandom read (16 bytes read, 7 bits of entropy available)
wait...
starting version 229
[   17.858831] random: udevadm: uninitialized urandom read (16 bytes read, 7 bits of entropy available)
[   17.859240] random: udevadm: uninitialized urandom read (16 bytes read, 7 bits of entropy available)
[   17.865038] random: udevadm: uninitialized urandom read (16 bytes read, 7 bits of entropy available)
[   17.865064] random: udevadm: uninitialized urandom read (16 bytes read, 7 bits of entropy available)
[   17.865143] random: udevadm: uninitialized urandom read (16 bytes read, 7 bits of entropy available)
[   17.865171] random: udevadm: uninitialized urandom read (16 bytes read, 7 bits of entropy available)
[   17.865198] random: udevadm: uninitialized urandom read (16 bytes read, 7 bits of entropy available)
[   17.865227] random: udevadm: uninitialized urandom read (16 bytes read, 7 bits of entropy available)
[   17.865253] random: udevadm: uninitialized urandom read (16 bytes read, 7 bits of entropy available)
[   18.388394] e1000: Intel(R) PRO/1000 Network Driver - version 7.3.21-k8-NAPI
[   18.401489] e1000: Copyright (c) 1999-2006 Intel Corporation.
[   18.458671] AVX version of gcm_enc/dec engaged.
[   18.461472] Fusion MPT base driver 3.04.20
[   18.461473] Copyright (c) 1999-2008 LSI Corporation
[   18.509656] AES CTR mode by8 optimization enabled
[   18.531767] Fusion MPT SPI Host driver 3.04.20
[   18.647836] input: ImExPS/2 Generic Explorer Mouse as /devices/platform/i8042/serio1/input/input4
[   18.882488] e1000 0000:00:03.0 eth0: (PCI:33MHz:32-bit) 02:7e:71:36:a3:a3
[   18.918336] e1000 0000:00:03.0 eth0: Intel(R) PRO/1000 Network Connection
[   18.954327] mptbase: ioc0: Initiating bringup
[   19.054923] ioc0: LSI53C1030 A0: Capabilities={Initiator}
[   19.328789] scsi host2: ioc0: LSI53C1030 A0, FwRev=00000000h, Ports=1, MaxQ=256, IRQ=20
[   19.619507] scsi 2:0:0:0: Direct-Access     VBOX     HARDDISK         1.0  PQ: 0 ANSI: 5
[   19.657803] scsi target2:0:0: Beginning Domain Validation
[   19.659541] scsi target2:0:0: Domain Validation skipping write tests
[   19.660466] scsi target2:0:0: Ending Domain Validation
[   19.661294] scsi target2:0:0: asynchronous
[   19.662914] scsi 2:0:1:0: Direct-Access     VBOX     HARDDISK         1.0  PQ: 0 ANSI: 5
[   19.664295] scsi target2:0:1: Beginning Domain Validation
[   19.665951] scsi target2:0:1: Domain Validation skipping write tests
[   19.667065] scsi target2:0:1: Ending Domain Validation
[   19.668049] scsi target2:0:1: asynchronous
[   19.684578] sd 2:0:0:0: Attached scsi generic sg0 type 0
[   19.723702] sd 2:0:0:0: [sda] 20971520 512-byte logical blocks: (10.7 GB/10.0 GiB)
[   19.749395] sd 2:0:0:0: [sda] Write Protect is off
[   19.779766] sd 2:0:1:0: [sdb] 20480 512-byte logical blocks: (10.5 MB/10.0 MiB)
[   19.829658] sd 2:0:1:0: Attached scsi generic sg1 type 0
[   19.864770] sd 2:0:0:0: [sda] Incomplete mode parameter data
[   19.899757] sd 2:0:0:0: [sda] Assuming drive cache: write through
[   19.948642] sd 2:0:1:0: [sdb] Write Protect is off
[   19.963657]  sda: sda1
[   19.964574] sd 2:0:0:0: [sda] Attached SCSI disk
[   19.984170] e1000 0000:00:08.0 eth1: (PCI:33MHz:32-bit) 08:00:27:7e:78:d4
[   19.984174] e1000 0000:00:08.0 eth1: Intel(R) PRO/1000 Network Connection
[   20.017011] e1000 0000:00:03.0 enp0s3: renamed from eth0
[   20.303887] sd 2:0:1:0: [sdb] Incomplete mode parameter data
[   20.381632] sd 2:0:1:0: [sdb] Assuming drive cache: write through
[   20.511462] e1000 0000:00:08.0 enp0s8: renamed from eth1
[   20.569960] sd 2:0:1:0: [sdb] Attached SCSI disk
[   21.446927] floppy0: no floppy controllers found
Begin: Loading e[   22.779312] md: linear personality registered for level -1
ssential drivers[   22.841697] md: multipath personality registered for level -4
 ... [   22.924282] md: raid0 personality registered for level 0
[   22.993988] md: raid1 personality registered for level 1
[   23.218844] raid6: sse2x1   gen()  8167 MB/s
[   23.335069] raid6: sse2x1   xor()  6610 MB/s
[   23.458806] raid6: sse2x2   gen() 11271 MB/s
[   23.579011] raid6: sse2x2   xor()  8586 MB/s
[   23.694920] raid6: sse2x4   gen() 13523 MB/s
[   23.806957] raid6: sse2x4   xor() 10016 MB/s
[   23.851249] raid6: using algorithm sse2x4 gen() 13523 MB/s
[   23.916109] raid6: .... xor() 10016 MB/s, rmw enabled
[   23.967601] raid6: using ssse3x2 recovery algorithm
[   24.017751] xor: automatically using best checksumming function:
[   24.248068]    avx       : 26738.000 MB/sec
[   24.272476] async_tx: api initialized (async)
[   24.301206] md: raid6 personality registered for level 6
[   24.351500] md: raid5 personality registered for level 5
[   24.404906] md: raid4 personality registered for level 4
[   24.455853] md: raid10 personality registered for level 10
done.
Begin: Running /scripts/init-premount ... done.
Begin: M[   24.571033] Btrfs loaded
ounting root file system ... Begin: Running /scripts/local-top ... done.
Begin: Running /scripts/local-premount ... Scanning for Btrfs filesystems
done.
Warning: fsck no[   24.679561] EXT4-fs (sda1): INFO: recovery required on readonly filesystem
t present, so sk[   24.763543] EXT4-fs (sda1): write access will be enabled during recovery
ipping root file system
[   25.094212] random: nonblocking pool is initialized
[   25.260590] EXT4-fs (sda1): orphan cleanup on readonly fs
[   25.486829] EXT4-fs (sda1): 7 orphan inodes deleted
[   25.556419] EXT4-fs (sda1): recovery complete
[   25.621945] EXT4-fs (sda1): mounted filesystem with ordered data mode. Opts: (null)
done.
Begin: Running /scripts/local-bottom ... done.
Begin: Running /scripts/init-bottom ... done.
[   26.680655] systemd[1]: systemd 229 running in system mode. (+PAM +AUDIT +SELINUX +IMA +APPARMOR +SMACK +SYSVINIT +UTMP +LIBCRYPTSETUP +GCRYPT +GNUTLS +ACL +XZ -LZ4 +SECCOMP +BLKID +ELFUTILS +KMOD -IDN)
[   26.987544] systemd[1]: Detected virtualization oracle.
[   27.084419] systemd[1]: Detected architecture x86-64.

Welcome to [1mUbuntu 16.04.3 LTS[0m!

[   27.184586] systemd[1]: Set hostname to <ubuntu-xenial>.
[   28.678121] systemd[1]: Listening on udev Control Socket.
[[0;32m  OK  [0m] Listening on udev Control Socket.
[   28.811426] systemd[1]: Reached target User and Group Name Lookups.
[[0;32m  OK  [0m] Reached target User and Group Name Lookups.
[   28.979516] systemd[1]: Created slice System Slice.
[[0;32m  OK  [0m] Created slice System Slice.
[   29.135690] systemd[1]: Listening on Journal Socket (/dev/log).
[[0;32m  OK  [0m] Listening on Journal Socket (/dev/log).
[   29.327116] systemd[1]: Started Forward Password Requests to Wall Directory Watch.
[[0;32m  OK  [0m] Started Forward Password Requests to Wall Directory Watch.
[   29.479098] systemd[1]: Listening on Journal Audit Socket.
[[0;32m  OK  [0m] Listening on Journal Audit Socket.
[   29.599032] systemd[1]: Listening on udev Kernel Socket.
[[0;32m  OK  [0m] Listening on udev Kernel Socket.
[   29.725907] systemd[1]: Created slice User and Session Slice.
[[0;32m  OK  [0m] Created slice User and Session Slice.
[   29.728071] systemd[1]: Listening on LVM2 metadata daemon socket.
[[0;32m  OK  [0m] Listening on LVM2 metadata daemon socket.
[   29.839423] systemd[1]: Reached target Slices.
[[0;32m  OK  [0m] Reached target Slices.
[   29.979420] systemd[1]: Listening on Device-mapper event daemon FIFOs.
[[0;32m  OK  [0m] Listening on Device-mapper event daemon FIFOs.
[   30.151067] systemd[1]: Listening on LVM2 poll daemon socket.
[[0;32m  OK  [0m] Listening on LVM2 poll daemon socket.
[   30.200589] systemd[1]: Reached target Swap.
[[0;32m  OK  [0m] Reached target Swap.
[   30.319125] systemd[1]: Started Trigger resolvconf update for networkd DNS.
[[0;32m  OK  [0m] Started Trigger resolvconf update for networkd DNS.
[   30.483252] systemd[1]: Reached target Encrypted Volumes.
[[0;32m  OK  [0m] Reached target Encrypted Volumes.
[   30.659347] systemd[1]: Created slice system-serial\x2dgetty.slice.
[[0;32m  OK  [0m] Created slice system-serial\x2dgetty.slice.
[   30.741127] systemd[1]: Set up automount Arbitrary Executable File Formats File System Automount Point.
[[0;32m  OK  [0m] Set up automount Arbitrary Executab...ats File System Automount Point.
[   30.779179] systemd[1]: Listening on Syslog Socket.
[[0;32m  OK  [0m] Listening on Syslog Socket.
[   30.875495] systemd[1]: Listening on /dev/initctl Compatibility Named Pipe.
[[0;32m  OK  [0m] Listening on /dev/initctl Compatibility Named Pipe.
[   31.080045] systemd[1]: Listening on Journal Socket.
[[0;32m  OK  [0m] Listening on Journal Socket.
[   31.227585] systemd[1]: Starting Monitoring of LVM2 mirrors, snapshots etc. using dmeventd or progress polling...
         Starting Monitoring of LVM2 mirrors... dmeventd or progress polling...
[   31.390939] systemd[1]: Starting Create list of required static device nodes for the current kernel...
         Starting Create list of required st... nodes for the current kernel...
[   31.639368] systemd[1]: Starting Load Kernel Modules...
         Starting Load Kernel Modules...
[   31.747426] systemd[1]: Mounting POSIX Message Queue File System...
         Mounting POSIX Message Queue File System...
[   31.798608] systemd[1]: Starting Remount Root and Kernel File Systems...
         [   31.881510] EXT4-fs (sda1): re-mounted. Opts: (null)
Starting Remount[   31.903590] Loading iSCSI transport class v2.0-870.
 Root and Kernel File Systems...
[   32.019082] iscsi: registered transport (tcp)
[   32.099356] systemd[1]: Starting Uncomplicated firewall...
         Starting Uncomplicated firewall...
[   32.239621] systemd[1]: Mounting Debug File System...
         Mounting Debug File System...
[   32.344973] iscsi: registered transport (iser)
[   32.423426] systemd[1]: Starting Set console keymap...
         Starting Set console keymap...
[   32.594939] systemd[1]: Starting Nameserver information manager...
         Starting Nameserver information manager...
[   32.755517] systemd[1]: Starting Journal Service...
         Starting Journal Service...
[   32.883267] systemd[1]: Mounting Huge Pages File System...
         Mounting Huge Pages File System...
[   32.944871] systemd[1]: Mounted Huge Pages File System.
[[0;32m  OK  [0m] Mounted Huge Pages File System.
[   32.965980] systemd[1]: Mounted POSIX Message Queue File System.
[[0;32m  OK  [0m] Mounted POSIX Message Queue File System.
[   33.099347] systemd[1]: Mounted Debug File System.
[[0;32m  OK  [0m] Mounted Debug File System.
[   33.167687] systemd[1]: Started Journal Service.
[[0;32m  OK  [0m] Started Journal Service.
[[0;32m  OK  [0m] Started Create list of required sta...ce nodes for the current kernel.
[[0;32m  OK  [0m] Started Load Kernel Modules.
[[0;32m  OK  [0m] Started Remount Root and Kernel File Systems.
[[0;32m  OK  [0m] Started Uncomplicated firewall.
[[0;32m  OK  [0m] Started Set console keymap.
[[0;32m  OK  [0m] Started LVM2 metadata daemon.
         Starting udev Coldplug all Devices...
         Starting Initial cloud-init job (pre-networking)...
         Starting Load/Save Random Seed...
         Mounting FUSE Control File System...
         Starting Apply Kernel Variables...
         Starting Create Static Device Nodes in /dev...
         Starting Flush Journal to Persistent Storage...
[[0;32m  OK  [0m] Mounted FUSE Control File System.
[[0;32m  OK  [0m] Started Monitoring of LVM2 mirrors,...ng dmeventd or progress polling.
[[0;32m  OK  [0m] Started Nameserver information manager.
[[0;32m  OK  [0m] Started Load/Save Random Seed.
[[0;32m  OK  [0m] Started Apply Kernel Variables.
[[0;32m  OK  [0m] Started udev Coldplug all Devices.
[[0;32m  OK  [0m] Started Flush Journal to Persistent Storage.
[[0;32m  OK  [0m] Started Create Static Device Nodes in /dev.
         Starting udev Kernel Device Manager...
[[0;32m  OK  [0m] Started udev Kernel Device Manager.
[[0;32m  OK  [0m] Started Dispatch Password Requests to Console Directory Watch.
[[0;32m  OK  [0m] Reached target Local File Systems (Pre).
[[0;32m  OK  [0m] Reached target Local File Systems.
         Starting Set console font and keymap...
         Starting LSB: AppArmor initialization...
         Starting Tell Plymouth To Write Out Runtime Data...
         Starting Create Volatile Files and Directories...
[[0;32m  OK  [0m] Found device /dev/ttyS0.
[[0;32m  OK  [0m] Started Tell Plymouth To Write Out Runtime Data.
[[0;32m  OK  [0m] Started Create Volatile Files and Directories.
         Starting Update UTMP about System Boot/Shutdown...
[[0;32m  OK  [0m] Reached target System Time Synchronized.
[[0;32m  OK  [0m] Started Update UTMP about System Boot/Shutdown.
[[0;32m  OK  [0m] Found device 82540EM Gigabit Ethern...r (PRO/1000 MT Desktop Adapter).
[[0;32m  OK  [0m] Found device 82540EM Gigabit Ethern...r (PRO/1000 MT Desktop Adapter).
[[0;32m  OK  [0m] Started Set console font and keymap.
[[0;32m  OK  [0m] Created slice system-getty.slice.
[[0;32m  OK  [0m] Listening on Load/Save RF Kill Switch Status /dev/rfkill Watch.
[[0;32m  OK  [0m] Started LSB: AppArmor initialization.
[   28.724646] cloud-init[434]: Cloud-init v. 17.1 running 'init-local' at Wed, 22 Nov 2017 14:33:31 +0000. Up 28.22 seconds.
[[0;32m  OK  [0m] Started Initial cloud-init job (pre-networking).
[[0;32m  OK  [0m] Reached target Network (Pre).
         Starting Raise network interfaces...
[[0;32m  OK  [0m] Started ifup for enp0s8.
[[0;32m  OK  [0m] Started ifup for enp0s3.
[[0;32m  OK  [0m] Started Raise network interfaces.
[[0;32m  OK  [0m] Reached target Network.
         Starting Initial cloud-init job (metadata service crawler)...
[   30.662278] cloud-init[1058]: Cloud-init v. 17.1 running 'init' at Wed, 22 Nov 2017 14:33:32 +0000. Up 29.59 seconds.
[   30.687459] cloud-init[1058]: ci-info: ++++++++++++++++++++++++++++++++++++++Net device info++++++++++++++++++++++++++++++++++++++
[[   30.729850] cloud-init[1058]: ci-info: +--------+------+-----------------------------+---------------+-------+-------------------+
[   30.730221] cloud-init[1058]: ci-info: | Device |  Up  |           Address           |      Mask     | Scope |     Hw-Address    |
[0;32m  OK  [0m] Started Initial cloud-init job (metadata service crawler).
[   30.730355] cloud-init[1058]: ci-info: +--------+------+-----------------------------+---------------+-------+-------------------+
[   30.780293] cloud-init[1058]: ci-info: | enp0s3 | True |          10.0.2.15          | 255.255.255.0 |   .   | 02:7e:71:36:a3:a3 |
[   30.780633] cloud-init[1058]: ci-info: | enp0s3 | True |  fe80::7e:71ff:fe36:a3a3/64 |       .       |  link | 02:7e:71:36:a3:a3 |
[[0;32m  OK  [0m] Reached target Cloud-config availability.
[[   30.780858] cloud-init[1058]: ci-info: | enp0s8 | True |        192.168.33.33        | 255.255.255.0 |   .   | 08:00:27:7e:78:d4 |
[   30.823021] cloud-init[1058]: ci-info: | enp0s8 | True | fe80::a00:27ff:fe7e:78d4/64 |       .       |  link | 08:00:27:7e:78:d4 |
[   30.823115] cloud-init[1058]: ci-info: |   lo   | True |          127.0.0.1          |   255.0.0.0   |   .   |         .         |
[   30.823226] cloud-init[1058]: ci-info: |   lo   | True |           ::1/128           |       .       |  host |         .         |
[   30.823326] cloud-init[1058]: ci-info: +--------+------+-----------------------------+---------------+-------+-------------------+
[   30.823450] cloud-init[1058]: ci-info: ++++++++++++++++++++++++++++Route IPv4 info++++++++++++++++++++++++++++
[0;32m  OK  [0m] Reached target System Initialization.
[   30.823587] cloud-init[1058]: ci-info: +-------+--------------+----------+---------------+-----------+-------+
[   30.897398] cloud-init[1058]: ci-info: | Route | Destination  | Gateway  |    Genmask    | Interface | Flags |
[[0;32m  OK  [0m] Listening on ACPID Listen Socket.
[   30.897496] cloud-init[1058]: ci-info: +-------+--------------+----------+---------------+-----------+-------+
[   31.020336] cloud-init[1058]: ci-info: |   0   |   0.0.0.0    | 10.0.2.2 |    0.0.0.0    |   enp0s3  |   UG  |
[   31.020621] cloud-init[1058]: ci-info: |   1   |   10.0.2.0   | 0.0.0.0  | 255.255.255.0 |   enp0s3  |   U   |
         Starting LXD - unix socket.
[   31.020782] cloud-init[1058]: ci-info: |   2   | 192.168.33.0 | 0.0.0.0  | 255.255.255.0 |   enp0s8  |   U   |
[   31.100960] cloud-init[1058]: ci-info: +-------+--------------+----------+---------------+-----------+-------+
[[0;32m  OK  [0m] Listening on UUID daemon activation socket.
[[0;32m  OK  [0m] Listening on D-Bus System Message Bus Socket.
[[0;32m  OK  [0m] Started Timer to automatically refresh installed snaps.
         Starting Socket activation for snappy daemon.
[[0;32m  OK  [0m] Started ACPI Events Check.
[[0;32m  OK  [0m] Reached target Paths.
[[0;32m  OK  [0m] Started Daily Cleanup of Temporary Directories.
[[0;32m  OK  [0m] Reached target Network is Online.
[[0;32m  OK  [0m] Started Daily apt download activities.
[[0;32m  OK  [0m] Started Daily apt upgrade and clean activities.
[[0;32m  OK  [0m] Reached target Timers.
         Starting iSCSI initiator daemon (iscsid)...
[[0;32m  OK  [0m] Listening on LXD - unix socket.
[[0;32m  OK  [0m] Listening on Socket activation for snappy daemon.
[[0;32m  OK  [0m] Reached target Sockets.
[[0;32m  OK  [0m] Reached target Basic System.
         Starting Accounts Service...
[[0;32m  OK  [0m] Started ACPI event daemon.
[[0;32m  OK  [0m] Started D-Bus System Message Bus.
         Starting MySQL Community Server...
         Starting LSB: MD monitoring daemon...
         Starting Login Service...
[[0;32m  OK  [0m] Started FUSE filesystem for LXC.
         Starting /etc/rc.local Compatibility...
         Starting LSB: Record successful boot for GRUB...
         Starting Apply the settings specified in cloud-config...
         Starting LXD - container startup/shutdown...
[[0;32m  OK  [0m] Started Deferred execution scheduler.
         Starting Snappy daemon...
[[0;32m  OK  [0m] Started Unattended Upgrades Shutdown.
         Starting System Logging Service...
[[0;32m  OK  [0m] Started Regular background program processing daemon.
         Starting OpenBSD Secure Shell server...
         Starting The PHP 7.0 FastCGI Process Manager...
[[0;32m  OK  [0m] Started iSCSI initiator daemon (iscsid).
[[0;32m  OK  [0m] Started /etc/rc.local Compatibility.
[[0;32m  OK  [0m] Started Login Service.
         Starting Authenticate and Authorize Users to Run Privileged Tasks...
         Starting Login to default iSCSI targets...
[   33.616847] cloud-init[1144]: Cloud-init v. 17.1 running 'modules:config' at Wed, 22 Nov 2017 14:33:35 +0000. Up 32.60 seconds.
[[0;32m  OK  [0m] Started Apply the settings specified in cloud-config.
[[0;32m  OK  [0m] Started LSB: Record successful boot for GRUB.
[[0;32m  OK  [0m] Started LSB: MD monitoring daemon.
[[0;32m  OK  [0m] Started Login to default iSCSI targets.
[[0;32m  OK  [0m] Reached target Remote File Systems (Pre).
[[0;32m  OK  [0m] Reached target Remote File Systems.
         Starting LSB: VirtualBox Linux Additions...
         Starting Permit User Sessions...
         Starting LSB: Apache2 web server...
         Starting LSB: Set the CPU Frequency Scaling governor to "ondemand"...
         Starting LSB: daemon to balance interrupts for SMP systems...
         Starting LSB: automatic crash report generation...
[[0;32m  OK  [0m] Started System Logging Service.
[[0;32m  OK  [0m] Started Permit User Sessions.
[[0;32m  OK  [0m] Started LSB: Set the CPU Frequency Scaling governor to "ondemand".
         Starting Hold until boot process finishes up...
         Starting Terminate Plymouth Boot Screen...
[[0;32m  OK  [0m] Started Hold until boot process finishes up.
[[0;32m  OK  [0m] Started Terminate Plymouth Boot Screen.
[[0;32m  OK  [0m] Started Serial Getty on ttyS0.
[[0;32m  OK  [0m] Started Getty on tty1.
[[0;32m  OK  [0m] Reached target Login Prompts.
         Starting Set console scheme...
[[0;32m  OK  [0m] Started LSB: daemon to balance interrupts for SMP systems.
[[0;32m  OK  [0m] Started Authenticate and Authorize Users to Run Privileged Tasks.
[[0;32m  OK  [0m] Started Accounts Service.
[[0;32m  OK  [0m] Started LSB: automatic crash report generation.
[[0;32m  OK  [0m] Started Set console scheme.
[[0;32m  OK  [0m] Started OpenBSD Secure Shell server.
[[0;32m  OK  [0m] Started LSB: VirtualBox Linux Additions.
[[0;32m  OK  [0m] Created slice User Slice of ubuntu.
         Starting User Manager for UID 1000...
[[0;32m  OK  [0m] Started Session 1 of user ubuntu.

Ubuntu 16.04.3 LTS ubuntu-xenial ttyS0

ubuntu-xenial login: [   49.238777] cloud-init[1786]: Cloud-init v. 17.1 running 'modules:final' at Wed, 22 Nov 2017 14:33:51 +0000. Up 49.05 seconds.
[   49.239118] cloud-init[1786]: Cloud-init v. 17.1 finished at Wed, 22 Nov 2017 14:33:52 +0000. Datasource DataSourceNoCloud [seed=/dev/sdb][dsmode=net].  Up 49.23 seconds
         Stopping Session 3 of user ubuntu.
[[0;32m  OK  [0m] Closed Load/Save RF Kill Switch Status /dev/rfkill Watch.
         Stopping User Manager for UID 1000...
         Stopping Authenticate and Authorize Users to Run Privileged Tasks...
[[0;32m  OK  [0m] Stopped target Graphical Interface.
 o[[0;32m  OK  [0m] Unmounted /var/lib/lxcfs.
[[0;32m  OK  [0m] Stopped Accounts Service.
[[0;32m  OK  [0m] Stopped ACPI event daemon.
[[0;32m  OK  [0m] Stopped Deferred execution scheduler.
[[0;32m  OK  [0m] Stopped Snappy daemon.
[[0;32m  OK  [0m] Stopped System Logging Service.
[[0;32m  OK  [0m] Stopped Regular background program processing daemon.
[[0;32m  OK  [0m] Stopped OpenBSD Secure Shell server.
[[0;32m  OK  [0m] Stopped Authenticate and Authorize Users to Run Privileged Tasks.
[[0;32m  OK  [0m] Stopped Serial Getty on ttyS0.
[[0;32m  OK  [0m] Stopped Getty on tty1.
[[0;32m  OK  [0m] Stopped The PHP 7.0 FastCGI Process Manager.
[[0;32m  OK  [0m] Stopped User Manager for UID 1000.
[[0;32m  OK  [0m] Stopped Session 5 of user ubuntu.
[[0;32m  OK  [0m] Stopped Session 3 of user ubuntu.
[[0;32m  OK  [0m] Stopped Unattended Upgrades Shutdown.
[[0;32m  OK  [0m] Stopped D-Bus System Message Bus.
[[0;32m  OK  [0m] Stopped FUSE filesystem for LXC.
[[0;32m  OK  [0m] Stopped LSB: Set the CPU Frequency Scaling governor to "ondemand".
[[0;32m  OK  [0m] Stopped LSB: daemon to balance interrupts for SMP systems.
[[0;32m  OK  [0m] Stopped LSB: MD monitoring daemon.
[[0;32m  OK  [0m] Stopped LSB: VirtualBox Linux Additions.
[[0;32m  OK  [0m] Stopped LSB: Record successful boot for GRUB.
[[0;32m  OK  [0m] Stopped LSB: automatic crash report generation.
[[0;32m  OK  [0m] Stopped LXD - container startup/shutdown.
[[0;32m  OK  [0m] Stopped MySQL Community Server.
[[0;32m  OK  [0m] Removed slice User Slice of ubuntu.
         Stopping Login Service...
[[0;32m  OK  [0m] Removed slice system-getty.slice.
[[0;32m  OK  [0m] Stopped /etc/rc.local Compatibility.
         Stopping Permit User Sessions...
[[0;32m  OK  [0m] Removed slice system-serial\x2dgetty.slice.
[[0;32m  OK  [0m] Stopped Login Service.
[[0;32m  OK  [0m] Stopped Permit User Sessions.
[[0;32m  OK  [0m] Stopped target User and Group Name Lookups.
[[0;32m  OK  [0m] Stopped LSB: Apache2 web server.
[[0;32m  OK  [0m] Stopped target Basic System.
[[0;32m  OK  [0m] Stopped target Paths.
[[0;32m  OK  [0m] Stopped Forward Password Requests to Wall Directory Watch.
[[0;32m  OK  [0m] Stopped ACPI Events Check.
[[0;32m  OK  [0m] Stopped Dispatch Password Requests to Console Directory Watch.
[[0;32m  OK  [0m] Stopped target Slices.
[[0;32m  OK  [0m] Removed slice User and Session Slice.
[[0;32m  OK  [0m] Stopped target Sockets.
[[0;32m  OK  [0m] Closed Syslog Socket.
[[0;32m  OK  [0m] Closed UUID daemon activation socket.
[[0;32m  OK  [0m] Closed ACPID Listen Socket.
[[0;32m  OK  [0m] Closed D-Bus System Message Bus Socket.
[[0;32m  OK  [0m] Closed LXD - unix socket.
[[0;32m  OK  [0m] Closed Socket activation for snappy daemon.
[[0;32m  OK  [0m] Stopped target System Initialization.
[[0;32m  OK  [0m] Stopped target Encrypted Volumes.
         Stopping Load/Save Random Seed...
         Stopping Update UTMP about System Boot/Shutdown...
[[0;32m  OK  [0m] Stopped target Swap.
[[0;32m  OK  [0m] Stopped target Remote File Systems.
[[0;32m  OK  [0m] Stopped target Remote File Systems (Pre).
         Stopping Login to default iSCSI targets...
[[0;32m  OK  [0m] Stopped Load/Save Random Seed.
[[0;32m  OK  [0m] Stopped Update UTMP about System Boot/Shutdown.
[[0;32m  OK  [0m] Stopped Create Volatile Files and Directories.
[[0;32m  OK  [0m] Stopped Login to default iSCSI targets.
         Stopping iSCSI initiator daemon (iscsid)...
[[0;32m  OK  [0m] Stopped iSCSI initiator daemon (iscsid).
[[0;32m  OK  [0m] Stopped target Network is Online.
[[0;32m  OK  [0m] Stopped Initial cloud-init job (metadata service crawler).
[[0;32m  OK  [0m] Stopped target Network.
         Stopping Raise network interfaces...
[[0;32m  OK  [0m] Stopped Raise network interfaces.
[[0;32m  OK  [0m] Stopped target Network (Pre).
[[0;32m  OK  [0m] Stopped Initial cloud-init job (pre-networking).
[[0;32m  OK  [0m] Stopped Apply Kernel Variables.
[[0;32m  OK  [0m] Stopped Load Kernel Modules.
[[0;32m  OK  [0m] Stopped target Local File Systems.
         Unmounting /run/user/1000...
         Unmounting /var/www/html...
         Unmounting /vagrant...
[[0;32m  OK  [0m] Unmounted /run/user/1000.
[[0;32m  OK  [0m] Unmounted /var/www/html.
[[0;32m  OK  [0m] Unmounted /vagrant.
[[0;32m  OK  [0m] Reached target Unmount All Filesystems.
[[0;32m  OK  [0m] Stopped target Local File Systems (Pre).
         Stopping Monitoring of LVM2 mirrors... dmeventd or progress polling...
[[0;32m  OK  [0m] Stopped Create Static Device Nodes in /dev.
[[0;32m  OK  [0m] Stopped Remount Root and Kernel File Systems.
[[0;32m  OK  [0m] Reached target Shutdown.
[  874.958752] reboot: Power down